// Jest Snapshot v1, https://goo.gl/fbAQLP

exports[`<App /> renders correctly should match a saved snapshot 1`] = `ShallowWrapper {}`;
